1.
Filip@filip's macbook pro test-2 % git commit -m "iniy"
[main a3e2b6d] iniy
 1 file changed, 1 insertion(+), 1 deletion(-)
Filip@filip's macbook pro test-2 % git commit --amend 
[main b9d8778] init
 Date: Mon Mar 2 11:40:12 2026 +0100
 1 file changed, 1 insertion(+), 1 deletion(-)
Filip@filip's macbook pro test-2 % git log
commit b9d8778fd4baa6166cf6cd90e6f34c844e7d8962 (HEAD -> main)
Author: Filip Gavrilovski <filipgavrilovski28@gmail.com>
Date:   Mon Mar 2 11:40:12 2026 +0100

    init


2.
Filip@filip's macbook pro test-2 % git status
On branch main
Changes to be committed:
  (use "git restore --staged <file>..." to unstage)
	new file:   .gitignore

Filip@filip's macbook pro test-2 % git reset HEAD .gitignore 
Filip@filip's macbook pro test-2 % git status
On branch main
Untracked files:
  (use "git add <file>..." to include in what will be committed)
	.gitignore

nothing added to commit but untracked files present (use "git add" to track)

3.
Filip@filip's macbook pro test-3 % nano a.txt 
Filip@filip's macbook pro test-3 % git status
On branch main
Changes not staged for commit:
  (use "git add <file>..." to update what will be committed)
  (use "git restore <file>..." to discard changes in working directory)
	modified:   a.txt

no changes added to commit (use "git add" and/or "git commit -a")
Filip@filip's macbook pro test-3 % git checkout -- a.txt 
Filip@filip's macbook pro test-3 % git status
On branch main
nothing to commit, working tree clean
